// Jest Snapshot v1, https://goo.gl/fbAQLP

exports[`Confirmation should render correctly 1`] = `[Function]`;
