// Jest Snapshot v1, https://goo.gl/fbAQLP

exports[`Swap should render correctly 1`] = `[Function]`;
