// Jest Snapshot v1, https://goo.gl/fbAQLP

exports[`Table Coins should render correctly 1`] = `
<DocumentFragment>
  <div
    class="rounded-lg m-12 border shadow bg-white undefined"
  >
    <div
      class="flex flex-col"
    >
      <div
        class="text-center p-4 shadow"
      >
        <p
          class="uppercase font-bold text-lg"
        >
          Your assets
        </p>
        <p
          class="uppercase text-sm text-gray-400"
        >
          Total Balance: 63.744 USD
        </p>
      </div>
      <div
        class="flex justify-between p-6 shadow"
      >
        <div
          class="flex items-center"
        >
          <div
            class="h-9 w-9"
          >
            <span
              style="box-sizing: border-box; display: inline-block; overflow: hidden; background: none; opacity: 1; border: 0px; margin: 0px; padding: 0px; position: relative; max-width: 100%;"
            >
              <span
                style="box-sizing: border-box; display: block; background: none; opacity: 1; border: 0px; margin: 0px; padding: 0px; max-width: 100%;"
              >
                <img
                  alt=""
                  aria-hidden="true"
                  src="data:image/svg+xml,%3csvg%20xmlns=%27http://www.w3.org/2000/svg%27%20version=%271.1%27%20width=%27100%27%20height=%27100%27/%3e"
                  style="display: block; max-width: 100%; background: none; opacity: 1; border: 0px; margin: 0px; padding: 0px;"
                />
              </span>
              <img
                alt="usdc"
                data-nimg="intrinsic"
                decoding="async"
                src="data:image/gif;base64,R0lGODlhAQABAIAAAAAAAP///yH5BAEAAAAALAAAAAABAAEAAAIBRAA7"
                style="position: absolute; top: 0px; left: 0px; bottom: 0px; right: 0px; box-sizing: border-box; padding: 0px; margin: auto; display: block; width: 0px; height: 0px; min-width: 100%; max-width: 100%; min-height: 100%; max-height: 100%;"
              />
              <noscript />
            </span>
          </div>
          <div
            class="ml-2 flex flex-col justify-center text-sm"
          >
            <div
              class="font-bold"
            >
              USD Coin
            </div>
            <div
              class="uppercase"
            >
              usdc
            </div>
          </div>
        </div>
        <div
          class="text-right"
        >
          <div
            class="font-bold"
          >
            $ 
          </div>
          <div
            class="font-light text-sm text-gray-400"
          >
            0 usdc
          </div>
        </div>
      </div>
    </div>
  </div>
</DocumentFragment>
`;
